---
source: ui/src/test_harness.rs
expression: rendered
---
────────────────────────────────────────
┌Chat──────────────────────────────────┐
│Messages                              │
│                                      │
│                                      │
│                                      │
└──────────────────────────────────────┘
┌Composer──────────────────────────────┐
│hello world                           │
└──────────────────────────────────────┘
